#
# There is insufficient memory for the Java Runtime Environment to continue.
# Native memory allocation (mmap) failed to map 67108864 bytes for G1 virtual space
# Possible reasons:
#   The system is out of physical RAM or swap space
#   The process is running with CompressedOops enabled, and the Java Heap may be blocking the growth of the native heap
# Possible solutions:
#   Reduce memory load on the system
#   Increase physical memory or swap space
#   Check if swap backing store is full
#   Decrease Java heap size (-Xmx/-Xms)
#   Decrease number of Java threads
#   Decrease Java thread stack sizes (-Xss)
#   Set larger code cache with -XX:ReservedCodeCacheSize=
#   JVM is running with Unscaled Compressed Oops mode in which the Java heap is
#     placed in the first 4GB address space. The Java Heap base address is the
#     maximum limit for the native heap growth. Please use -XX:HeapBaseMinAddress
#     to set the Java Heap base and to place the Java Heap above 4GB virtual address.
# This output file may be truncated or incomplete.
#
#  Out of Memory Error (os_windows.cpp:3535), pid=12332, tid=6388
#
# JRE version:  (17.0.3.1+2) (build )
# Java VM: Java HotSpot(TM) 64-Bit Server VM (17.0.3.1+2-LTS-6, mixed mode, emulated-client, sharing, tiered, compressed oops, compressed class ptrs, g1 gc, windows-amd64)
# No core dump will be written. Minidumps are not enabled by default on client versions of Windows
#

---------------  S U M M A R Y ------------

Command Line: -XX:TieredStopAtLevel=1 com.example.matchmaking.MatchmakingApplication

Host: Intel(R) Core(TM) i3-8130U CPU @ 2.20GHz, 4 cores, 3G,  Windows 11 , 64 bit Build 22621 (10.0.22621.5124)
Time: Tue Apr 29 02:11:22 2025 India Standard Time elapsed time: 0.033487 seconds (0d 0h 0m 0s)

---------------  T H R E A D  ---------------

Current thread (0x000001c631126cb0):  JavaThread "Unknown thread" [_thread_in_vm, id=6388, stack(0x0000008df3e00000,0x0000008df3f00000)]

Stack: [0x0000008df3e00000,0x0000008df3f00000]
Native frames: (J=compiled Java code, j=interpreted, Vv=VM code, C=native code)
V  [jvm.dll+0x6711ba]
V  [jvm.dll+0x7d0834]
V  [jvm.dll+0x7d1fde]
V  [jvm.dll+0x7d2643]
V  [jvm.dll+0x242c85]
V  [jvm.dll+0x66e0d9]
V  [jvm.dll+0x662a22]
V  [jvm.dll+0x300ddb]
V  [jvm.dll+0x308376]
V  [jvm.dll+0x357f7e]
V  [jvm.dll+0x3581af]
V  [jvm.dll+0x2d7ff8]
V  [jvm.dll+0x2d8f64]
V  [jvm.dll+0x7a2411]
V  [jvm.dll+0x365d01]
V  [jvm.dll+0x78187c]
V  [jvm.dll+0x3e873f]
V  [jvm.dll+0x3ea1e1]
C  [jli.dll+0x527b]
C  [ucrtbase.dll+0x29333]
C  [KERNEL32.DLL+0x1259d]
C  [ntdll.dll+0x5af38]


---------------  P R O C E S S  ---------------

Threads class SMR info:
_java_thread_list=0x00007ffe788a9858, length=0, elements={
}

Java Threads: ( => current thread )

Other Threads:
  0x000001c63116b610 GCTaskThread "GC Thread#0" [stack: 0x0000008df3f00000,0x0000008df4000000] [id=5752]
  0x000001c6311741a0 ConcurrentGCThread "G1 Main Marker" [stack: 0x0000008df4000000,0x0000008df4100000] [id=7276]
  0x000001c631175260 ConcurrentGCThread "G1 Conc#0" [stack: 0x0000008df4100000,0x0000008df4200000] [id=12408]

[error occurred during error reporting (printing all threads), id 0xc0000005, EXCEPTION_ACCESS_VIOLATION (0xc0000005) at pc=0x00007ffe780f89e7]

VM state: not at safepoint (not fully initialized)

VM Mutex/Monitor currently owned by a thread:  ([mutex/lock_event])
[0x000001c631123640] Heap_lock - owner thread: 0x000001c631126cb0

Heap address: 0x00000000c1600000, size: 1002 MB, Compressed Oops mode: 32-bit

CDS archive(s) mapped at: [0x0000000000000000-0x0000000000000000-0x0000000000000000), size 0, SharedBaseAddress: 0x0000000800000000, ArchiveRelocationMode: 0.
Narrow klass base: 0x0000000000000000, Narrow klass shift: 0, Narrow klass range: 0x0

GC Precious Log:
<Empty>

Heap:
 garbage-first heap   total 0K, used 0K [0x00000000c1600000, 0x0000000100000000)
  region size 1024K, 0 young (0K), 0 survivors (0K)

[error occurred during error reporting (printing heap information), id 0xc0000005, EXCEPTION_ACCESS_VIOLATION (0xc0000005) at pc=0x00007ffe784da629]

GC Heap History (0 events):
No events

Deoptimization events (0 events):
No events

Classes unloaded (0 events):
No events

Classes redefined (0 events):
No events

Internal exceptions (0 events):
No events

VM Operations (0 events):
No events

Events (1 events):
Event: 0.018 Loaded shared library C:\Program Files\Java\jdk-17.0.3.1\bin\java.dll


Dynamic libraries:
0x00007ff7888b0000 - 0x00007ff7888c0000 	C:\Program Files\Java\jdk-17.0.3.1\bin\java.exe
0x00007ffee8810000 - 0x00007ffee8a27000 	C:\WINDOWS\SYSTEM32\ntdll.dll
0x00007ffee6e40000 - 0x00007ffee6f04000 	C:\WINDOWS\System32\KERNEL32.DLL
0x00007ffee5ac0000 - 0x00007ffee5e93000 	C:\WINDOWS\System32\KERNELBASE.dll
0x00007ffee5ea0000 - 0x00007ffee5fb1000 	C:\WINDOWS\System32\ucrtbase.dll
0x00007ffecd5c0000 - 0x00007ffecd5da000 	C:\Program Files\Java\jdk-17.0.3.1\bin\VCRUNTIME140.dll
0x00007ffecd5a0000 - 0x00007ffecd5b8000 	C:\Program Files\Java\jdk-17.0.3.1\bin\jli.dll
0x00007ffee64b0000 - 0x00007ffee6561000 	C:\WINDOWS\System32\ADVAPI32.dll
0x00007ffee8600000 - 0x00007ffee86a7000 	C:\WINDOWS\System32\msvcrt.dll
0x00007ffee6a40000 - 0x00007ffee6ae8000 	C:\WINDOWS\System32\sechost.dll
0x00007ffee6480000 - 0x00007ffee64a8000 	C:\WINDOWS\System32\bcrypt.dll
0x00007ffee86b0000 - 0x00007ffee87c4000 	C:\WINDOWS\System32\RPCRT4.dll
0x00007ffee7f50000 - 0x00007ffee8101000 	C:\WINDOWS\System32\USER32.dll
0x00007ffee6450000 - 0x00007ffee6476000 	C:\WINDOWS\System32\win32u.dll
0x00007ffed30c0000 - 0x00007ffed3358000 	C:\WINDOWS\WinSxS\amd64_microsoft.windows.common-controls_6595b64144ccf1df_6.0.22621.5124_none_270e8f4f7386d69d\COMCTL32.dll
0x00007ffee7130000 - 0x00007ffee7159000 	C:\WINDOWS\System32\GDI32.dll
0x00007ffee5fc0000 - 0x00007ffee60db000 	C:\WINDOWS\System32\gdi32full.dll
0x00007ffee5920000 - 0x00007ffee59ba000 	C:\WINDOWS\System32\msvcp_win.dll
0x00007ffee1c00000 - 0x00007ffee1c0a000 	C:\WINDOWS\SYSTEM32\VERSION.dll
0x00007ffee6af0000 - 0x00007ffee6b21000 	C:\WINDOWS\System32\IMM32.DLL
0x00007ffee1400000 - 0x00007ffee140c000 	C:\Program Files\Java\jdk-17.0.3.1\bin\vcruntime140_1.dll
0x00007ffead730000 - 0x00007ffead7bd000 	C:\Program Files\Java\jdk-17.0.3.1\bin\msvcp140.dll
0x00007ffe77e10000 - 0x00007ffe789d0000 	C:\Program Files\Java\jdk-17.0.3.1\bin\server\jvm.dll
0x00007ffee6f10000 - 0x00007ffee6f18000 	C:\WINDOWS\System32\PSAPI.DLL
0x00007ffee35c0000 - 0x00007ffee35c9000 	C:\WINDOWS\SYSTEM32\WSOCK32.dll
0x00007ffedfa00000 - 0x00007ffedfa34000 	C:\WINDOWS\SYSTEM32\WINMM.dll
0x00007ffee6b60000 - 0x00007ffee6bd1000 	C:\WINDOWS\System32\WS2_32.dll
0x00007ffee4950000 - 0x00007ffee4968000 	C:\WINDOWS\SYSTEM32\kernel.appcore.dll
0x00007ffedba80000 - 0x00007ffedba8a000 	C:\Program Files\Java\jdk-17.0.3.1\bin\jimage.dll
0x00007ffee3380000 - 0x00007ffee35b2000 	C:\WINDOWS\SYSTEM32\DBGHELP.DLL
0x00007ffee66a0000 - 0x00007ffee6a32000 	C:\WINDOWS\System32\combase.dll
0x00007ffee7290000 - 0x00007ffee7367000 	C:\WINDOWS\System32\OLEAUT32.dll
0x00007ffecf2d0000 - 0x00007ffecf302000 	C:\WINDOWS\SYSTEM32\dbgcore.DLL
0x00007ffee59c0000 - 0x00007ffee5a3b000 	C:\WINDOWS\System32\bcryptPrimitives.dll
0x00007ffeccab0000 - 0x00007ffeccad5000 	C:\Program Files\Java\jdk-17.0.3.1\bin\java.dll

dbghelp: loaded successfully - version: 4.0.5 - missing functions: none
symbol engine: initialized successfully - sym options: 0x614 - pdb path: .;C:\Program Files\Java\jdk-17.0.3.1\bin;C:\WINDOWS\SYSTEM32;C:\WINDOWS\WinSxS\amd64_microsoft.windows.common-controls_6595b64144ccf1df_6.0.22621.5124_none_270e8f4f7386d69d;C:\Program Files\Java\jdk-17.0.3.1\bin\server

VM Arguments:
jvm_args: -XX:TieredStopAtLevel=1 
java_command: com.example.matchmaking.MatchmakingApplication
java_class_path (initial): C:\Users\lenovo\OneDrive\Desktop\major\matchmaking\target\classes;C:\Users\lenovo\.m2\repository\org\xerial\sqlite-jdbc\3.43.2.0\sqlite-jdbc-3.43.2.0.jar;C:\Users\lenovo\.m2\repository\org\slf4j\slf4j-api\2.0.17\slf4j-api-2.0.17.jar;C:\Users\lenovo\.m2\repository\org\springframework\boot\spring-boot\3.4.5\spring-boot-3.4.5.jar;C:\Users\lenovo\.m2\repository\org\springframework\boot\spring-boot-autoconfigure\3.4.5\spring-boot-autoconfigure-3.4.5.jar;C:\Users\lenovo\.m2\repository\ch\qos\logback\logback-classic\1.5.18\logback-classic-1.5.18.jar;C:\Users\lenovo\.m2\repository\ch\qos\logback\logback-core\1.5.18\logback-core-1.5.18.jar;C:\Users\lenovo\.m2\repository\org\apache\logging\log4j\log4j-to-slf4j\2.24.3\log4j-to-slf4j-2.24.3.jar;C:\Users\lenovo\.m2\repository\org\apache\logging\log4j\log4j-api\2.24.3\log4j-api-2.24.3.jar;C:\Users\lenovo\.m2\repository\org\slf4j\jul-to-slf4j\2.0.17\jul-to-slf4j-2.0.17.jar;C:\Users\lenovo\.m2\repository\jakarta\annotation\jakarta.annotation-api\2.1.1\jakarta.annotation-api-2.1.1.jar;C:\Users\lenovo\.m2\repository\org\yaml\snakeyaml\2.3\snakeyaml-2.3.jar;C:\Users\lenovo\.m2\repository\com\zaxxer\HikariCP\5.1.0\HikariCP-5.1.0.jar;C:\Users\lenovo\.m2\repository\org\springframework\spring-jdbc\6.2.6\spring-jdbc-6.2.6.jar;C:\Users\lenovo\.m2\repository\org\springframework\data\spring-data-jpa\3.4.5\spring-data-jpa-3.4.5.jar;C:\Users\lenovo\.m2\repository\org\springframework\data\spring-data-commons\3.4.5\spring-data-commons-3.4.5.jar;C:\Users\lenovo\.m2\repository\org\springframework\spring-orm\6.2.6\spring-orm-6.2.6.jar;C:\Users\lenovo\.m2\repository\org\springframework\spring-context\6.2.6\spring-context-6.2.6.jar;C:\Users\lenovo\.m2\repository\org\springframework\spring-tx\6.2.6\spring-tx-6.2.6.jar;C:\Users\lenovo\.m2\repository\org\springframework\spring-beans\6.2.6\spring-beans-6.2.6.jar;C:\Users\lenovo\.m2\repository\org\springframework\spring-aspects\6.2.6\spring-aspects-6.2.6.jar;C:\Users\lenovo\.m2
Launcher Type: SUN_STANDARD

[Global flags]
     intx CICompilerCount                          = 3                                         {product} {ergonomic}
     uint ConcGCThreads                            = 1                                         {product} {ergonomic}
     uint G1ConcRefinementThreads                  = 4                                         {product} {ergonomic}
   size_t G1HeapRegionSize                         = 1048576                                   {product} {ergonomic}
    uintx GCDrainStackTargetSize                   = 64                                        {product} {ergonomic}
   size_t InitialHeapSize                          = 67108864                                  {product} {ergonomic}
   size_t MarkStackSize                            = 4194304                                   {product} {ergonomic}
   size_t MaxHeapSize                              = 1050673152                                {product} {ergonomic}
   size_t MinHeapDeltaBytes                        = 1048576                                   {product} {ergonomic}
   size_t MinHeapSize                              = 8388608                                   {product} {ergonomic}
    uintx NonProfiledCodeHeapSize                  = 0                                      {pd product} {ergonomic}
     bool ProfileInterpreter                       = false                                  {pd product} {command line}
    uintx ProfiledCodeHeapSize                     = 0                                      {pd product} {ergonomic}
   size_t SoftMaxHeapSize                          = 1050673152                             {manageable} {ergonomic}
     intx TieredStopAtLevel                        = 1                                         {product} {command line}
     bool UseCompressedClassPointers               = true                           {product lp64_product} {ergonomic}
     bool UseCompressedOops                        = true                           {product lp64_product} {ergonomic}
     bool UseG1GC                                  = true                                      {product} {ergonomic}
     bool UseLargePagesIndividualAllocation        = false                                  {pd product} {ergonomic}

Logging:
Log output configuration:
 #0: stdout all=warning uptime,level,tags
 #1: stderr all=off uptime,level,tags

Environment Variables:
JAVA_HOME=C:\Program Files\Java\jdk-17.0.3.1
PATH=C:\Program Files\Zulu\zulu-21-jre\bin\;C:\Program Files\Microsoft\jdk-11.0.16.101-hotspot\bin;C:\Program Files\Common Files\Oracle\Java\javapath;C:\Program Files (x86)\Common Files\Oracle\Java\java8path;C:\Program Files (x86)\Common Files\Oracle\Java\javapath;C:\WINDOWS\system32;C:\WINDOWS;C:\WINDOWS\System32\Wbem;C:\WINDOWS\System32\WindowsPowerShell\v1.0\;C:\WINDOWS\System32\OpenSSH\;C:\Program Files\Java\jdk-17.0.3.1\bin;C:\Program Files\Git\cmd;C:\spring-2.1.8.RELEASE\bin;C:\Users\lenovo\Downloads\jdk-21_windows-x64_bin\jdk-21.0.5;C:\Users\lenovo\AppData\Local\Programs\Python\Python312\Scripts\;C:\Users\lenovo\AppData\Local\Programs\Python\Python312\;C:\Program Files\MySQL\MySQL Shell 8.0\bin\;C:\Users\lenovo\AppData\Local\Microsoft\WindowsApps;C:\Program Files\JetBrains\IntelliJ IDEA 2022.1.3\bin;;C:\Users\lenovo\OneDrive\Documents\FlutterDev\flutter\bin;C:\apache-maven-3.9.0\bin;;C:\Users\lenovo\AppData\Local\Programs\Microsoft VS Code\bin;C:\Program Files\sf\bin
USERNAME=lenovo
OS=Windows_NT
PROCESSOR_IDENTIFIER=Intel64 Family 6 Model 142 Stepping 10, GenuineIntel



---------------  S Y S T E M  ---------------

OS:
 Windows 11 , 64 bit Build 22621 (10.0.22621.5124)
OS uptime: 5 days 3:59 hours

CPU: total 4 (initial active 4) (2 cores per cpu, 2 threads per core) family 6 model 142 stepping 10 microcode 0xe0, cx8, cmov, fxsr, ht, mmx, 3dnowpref, sse, sse2, sse3, ssse3, sse4.1, sse4.2, popcnt, lzcnt, tsc, tscinvbit, avx, avx2, aes, erms, clmul, bmi1, bmi2, adx, fma, vzeroupper, clflush, clflushopt

Memory: 4k page, system-wide physical 4001M (339M free)
TotalPageFile size 8673M (AvailPageFile size 55M)
current process WorkingSet (physical memory assigned to process): 11M, peak: 11M
current process commit charge ("private bytes"): 46M, peak: 110M

vm_info: Java HotSpot(TM) 64-Bit Server VM (17.0.3.1+2-LTS-6) for windows-amd64 JRE (17.0.3.1+2-LTS-6), built on Apr 25 2022 22:04:21 by "mach5one" with MS VC++ 16.8 / 16.9 (VS2019)

END.
