#
# There is insufficient memory for the Java Runtime Environment to continue.
# Native memory allocation (malloc) failed to allocate 1072208 bytes for Chunk::new
# Possible reasons:
#   The system is out of physical RAM or swap space
#   The process is running with CompressedOops enabled, and the Java Heap may be blocking the growth of the native heap
# Possible solutions:
#   Reduce memory load on the system
#   Increase physical memory or swap space
#   Check if swap backing store is full
#   Decrease Java heap size (-Xmx/-Xms)
#   Decrease number of Java threads
#   Decrease Java thread stack sizes (-Xss)
#   Set larger code cache with -XX:ReservedCodeCacheSize=
#   JVM is running with Unscaled Compressed Oops mode in which the Java heap is
#     placed in the first 4GB address space. The Java Heap base address is the
#     maximum limit for the native heap growth. Please use -XX:HeapBaseMinAddress
#     to set the Java Heap base and to place the Java Heap above 4GB virtual address.
# This output file may be truncated or incomplete.
#
#  Out of Memory Error (arena.cpp:189), pid=13960, tid=10752
#
# JRE version: Java(TM) SE Runtime Environment (17.0.3.1+2) (build 17.0.3.1+2-LTS-6)
# Java VM: Java HotSpot(TM) 64-Bit Server VM (17.0.3.1+2-LTS-6, mixed mode, sharing, tiered, compressed oops, compressed class ptrs, g1 gc, windows-amd64)
# No core dump will be written. Minidumps are not enabled by default on client versions of Windows
#

---------------  S U M M A R Y ------------

Command Line: -Dclassworlds.conf=C:\apache-maven-3.9.0\bin\m2.conf -Dmaven.home=C:\apache-maven-3.9.0 -Dlibrary.jansi.path=C:\apache-maven-3.9.0\lib\jansi-native -Dmaven.multiModuleProjectDirectory=C:\Users\lenovo\OneDrive\Desktop\major\matchmaking org.codehaus.plexus.classworlds.launcher.Launcher clean install

Host: Intel(R) Core(TM) i3-8130U CPU @ 2.20GHz, 4 cores, 3G,  Windows 11 , 64 bit Build 22621 (10.0.22621.5124)
Time: Tue Apr 29 02:16:34 2025 India Standard Time elapsed time: 13.872788 seconds (0d 0h 0m 13s)

---------------  T H R E A D  ---------------

Current thread (0x000001c2bd7827c0):  JavaThread "C2 CompilerThread0" daemon [_thread_in_native, id=10752, stack(0x0000009576b00000,0x0000009576c00000)]


Current CompileTask:
C2:  13873 7439 % !   4       java.util.jar.Attributes::read @ 214 (494 bytes)

Stack: [0x0000009576b00000,0x0000009576c00000]
Native frames: (J=compiled Java code, j=interpreted, Vv=VM code, C=native code)
V  [jvm.dll+0x6711ba]
V  [jvm.dll+0x7d0834]
V  [jvm.dll+0x7d1fde]
V  [jvm.dll+0x7d2643]
V  [jvm.dll+0x242c85]
V  [jvm.dll+0xaa57b]
V  [jvm.dll+0xaab0c]
V  [jvm.dll+0x35ff77]
V  [jvm.dll+0x1b9ca8]
V  [jvm.dll+0x215eb9]
V  [jvm.dll+0x215181]
V  [jvm.dll+0x1a1c3d]
V  [jvm.dll+0x2249c8]
V  [jvm.dll+0x222b2c]
V  [jvm.dll+0x78650b]
V  [jvm.dll+0x780aca]
V  [jvm.dll+0x670045]
C  [ucrtbase.dll+0x29333]
C  [KERNEL32.DLL+0x1259d]
C  [ntdll.dll+0x5af38]


---------------  P R O C E S S  ---------------

Threads class SMR info:
_java_thread_list=0x000001c2c157cc60, length=12, elements={
0x000001c2a2551c40, 0x000001c2a2613580, 0x000001c2a26143f0, 0x000001c2bd779500,
0x000001c2bd77bfc0, 0x000001c2bd77cf80, 0x000001c2bd77df40, 0x000001c2bd7827c0,
0x000001c2bd78d0e0, 0x000001c2bd78fef0, 0x000001c2be46ba00, 0x000001c2be46f550
}

Java Threads: ( => current thread )
  0x000001c2a2551c40 JavaThread "main" [_thread_in_native, id=14712, stack(0x0000009575e00000,0x0000009575f00000)]
  0x000001c2a2613580 JavaThread "Reference Handler" daemon [_thread_blocked, id=3628, stack(0x0000009576500000,0x0000009576600000)]
  0x000001c2a26143f0 JavaThread "Finalizer" daemon [_thread_blocked, id=4764, stack(0x0000009576600000,0x0000009576700000)]
  0x000001c2bd779500 JavaThread "Signal Dispatcher" daemon [_thread_blocked, id=12724, stack(0x0000009576700000,0x0000009576800000)]
  0x000001c2bd77bfc0 JavaThread "Attach Listener" daemon [_thread_blocked, id=11332, stack(0x0000009576800000,0x0000009576900000)]
  0x000001c2bd77cf80 JavaThread "Service Thread" daemon [_thread_blocked, id=10280, stack(0x0000009576900000,0x0000009576a00000)]
  0x000001c2bd77df40 JavaThread "Monitor Deflation Thread" daemon [_thread_blocked, id=8004, stack(0x0000009576a00000,0x0000009576b00000)]
=>0x000001c2bd7827c0 JavaThread "C2 CompilerThread0" daemon [_thread_in_native, id=10752, stack(0x0000009576b00000,0x0000009576c00000)]
  0x000001c2bd78d0e0 JavaThread "C1 CompilerThread0" daemon [_thread_blocked, id=15044, stack(0x0000009576c00000,0x0000009576d00000)]
  0x000001c2bd78fef0 JavaThread "Sweeper thread" daemon [_thread_blocked, id=1808, stack(0x0000009576d00000,0x0000009576e00000)]
  0x000001c2be46ba00 JavaThread "Notification Thread" daemon [_thread_blocked, id=11096, stack(0x0000009576e00000,0x0000009576f00000)]
  0x000001c2be46f550 JavaThread "Common-Cleaner" daemon [_thread_blocked, id=2720, stack(0x0000009577000000,0x0000009577100000)]

Other Threads:
  0x000001c2a260d980 VMThread "VM Thread" [stack: 0x0000009576400000,0x0000009576500000] [id=3480]
  0x000001c2a25a8c30 WatcherThread [stack: 0x0000009576f00000,0x0000009577000000] [id=14780]
  0x000001c2a258d9c0 GCTaskThread "GC Thread#0" [stack: 0x0000009575f00000,0x0000009576000000] [id=7816]
  0x000001c2beb7f5d0 GCTaskThread "GC Thread#1" [stack: 0x0000009577100000,0x0000009577200000] [id=6424]
  0x000001c2beda71a0 GCTaskThread "GC Thread#2" [stack: 0x0000009577200000,0x0000009577300000] [id=15856]
  0x000001c2bed3f4d0 GCTaskThread "GC Thread#3" [stack: 0x0000009577300000,0x0000009577400000] [id=16140]
  0x000001c2a2596640 ConcurrentGCThread "G1 Main Marker" [stack: 0x0000009576000000,0x0000009576100000] [id=6272]
  0x000001c2a25977f0 ConcurrentGCThread "G1 Conc#0" [stack: 0x0000009576100000,0x0000009576200000] [id=5000]
  0x000001c2a25ea350 ConcurrentGCThread "G1 Refine#0" [stack: 0x0000009576200000,0x0000009576300000] [id=14508]
  0x000001c2a25ead70 ConcurrentGCThread "G1 Service" [stack: 0x0000009576300000,0x0000009576400000] [id=3840]

Threads with active compile tasks:
C2 CompilerThread0    13944 7439 % !   4       java.util.jar.Attributes::read @ 214 (494 bytes)

VM state: not at safepoint (normal execution)

VM Mutex/Monitor currently owned by a thread: None

Heap address: 0x00000000c1600000, size: 1002 MB, Compressed Oops mode: 32-bit

CDS archive(s) mapped at: [0x0000000800000000-0x0000000800bc0000-0x0000000800bc0000), size 12320768, SharedBaseAddress: 0x0000000800000000, ArchiveRelocationMode: 0.
Compressed class space mapped at: 0x0000000800c00000-0x0000000840c00000, reserved size: 1073741824
Narrow klass base: 0x0000000800000000, Narrow klass shift: 0, Narrow klass range: 0x100000000

GC Precious Log:
 CPUs: 4 total, 4 available
 Memory: 4001M
 Large Page Support: Disabled
 NUMA Support: Disabled
 Compressed Oops: Enabled (32-bit)
 Heap Region Size: 1M
 Heap Min Capacity: 8M
 Heap Initial Capacity: 64M
 Heap Max Capacity: 1002M
 Pre-touch: Disabled
 Parallel Workers: 4
 Concurrent Workers: 1
 Concurrent Refinement Workers: 4
 Periodic GC: Disabled

Heap:
 garbage-first heap   total 99328K, used 75415K [0x00000000c1600000, 0x0000000100000000)
  region size 1024K, 38 young (38912K), 1 survivors (1024K)
 Metaspace       used 34965K, committed 35328K, reserved 1081344K
  class space    used 4067K, committed 4224K, reserved 1048576K

Heap Regions: E=young(eden), S=young(survivor), O=old, HS=humongous(starts), HC=humongous(continues), CS=collection set, F=free, OA=open archive, CA=closed archive, TAMS=top-at-mark-start (previous, next)
|   0|0x00000000c1600000, 0x00000000c1700000, 0x00000000c1700000|100%| O|  |TAMS 0x00000000c1700000, 0x00000000c1600000| Untracked 
|   1|0x00000000c1700000, 0x00000000c1800000, 0x00000000c1800000|100%| O|  |TAMS 0x00000000c1800000, 0x00000000c1700000| Untracked 
|   2|0x00000000c1800000, 0x00000000c1900000, 0x00000000c1900000|100%| O|  |TAMS 0x00000000c1900000, 0x00000000c1800000| Untracked 
|   3|0x00000000c1900000, 0x00000000c1a00000, 0x00000000c1a00000|100%| O|  |TAMS 0x00000000c1a00000, 0x00000000c1900000| Untracked 
|   4|0x00000000c1a00000, 0x00000000c1b00000, 0x00000000c1b00000|100%| O|  |TAMS 0x00000000c1b00000, 0x00000000c1a00000| Untracked 
|   5|0x00000000c1b00000, 0x00000000c1c00000, 0x00000000c1c00000|100%| O|  |TAMS 0x00000000c1c00000, 0x00000000c1b00000| Untracked 
|   6|0x00000000c1c00000, 0x00000000c1d00000, 0x00000000c1d00000|100%| O|  |TAMS 0x00000000c1d00000, 0x00000000c1c00000| Untracked 
|   7|0x00000000c1d00000, 0x00000000c1e00000, 0x00000000c1e00000|100%| O|  |TAMS 0x00000000c1e00000, 0x00000000c1d00000| Untracked 
|   8|0x00000000c1e00000, 0x00000000c1f00000, 0x00000000c1f00000|100%| O|  |TAMS 0x00000000c1f00000, 0x00000000c1e00000| Untracked 
|   9|0x00000000c1f00000, 0x00000000c2000000, 0x00000000c2000000|100%| O|  |TAMS 0x00000000c2000000, 0x00000000c1f00000| Untracked 
|  10|0x00000000c2000000, 0x00000000c2100000, 0x00000000c2100000|100%| O|  |TAMS 0x00000000c2100000, 0x00000000c2000000| Untracked 
|  11|0x00000000c2100000, 0x00000000c2200000, 0x00000000c2200000|100%| O|  |TAMS 0x00000000c2200000, 0x00000000c2100000| Untracked 
|  12|0x00000000c2200000, 0x00000000c2300000, 0x00000000c2300000|100%|HS|  |TAMS 0x00000000c2200000, 0x00000000c2200000| Complete 
|  13|0x00000000c2300000, 0x00000000c2400000, 0x00000000c2400000|100%| O|  |TAMS 0x00000000c2300000, 0x00000000c2300000| Untracked 
|  14|0x00000000c2400000, 0x00000000c2500000, 0x00000000c2500000|100%| O|  |TAMS 0x00000000c2500000, 0x00000000c2400000| Untracked 
|  15|0x00000000c2500000, 0x00000000c2600000, 0x00000000c2600000|100%| O|  |TAMS 0x00000000c2600000, 0x00000000c2500000| Untracked 
|  16|0x00000000c2600000, 0x00000000c2700000, 0x00000000c2700000|100%|HS|  |TAMS 0x00000000c2700000, 0x00000000c2600000| Complete 
|  17|0x00000000c2700000, 0x00000000c2800000, 0x00000000c2800000|100%|HC|  |TAMS 0x00000000c2800000, 0x00000000c2700000| Complete 
|  18|0x00000000c2800000, 0x00000000c2900000, 0x00000000c2900000|100%|HS|  |TAMS 0x00000000c2900000, 0x00000000c2800000| Complete 
|  19|0x00000000c2900000, 0x00000000c2a00000, 0x00000000c2a00000|100%| O|  |TAMS 0x00000000c2a00000, 0x00000000c2900000| Untracked 
|  20|0x00000000c2a00000, 0x00000000c2b00000, 0x00000000c2b00000|100%| O|  |TAMS 0x00000000c2b00000, 0x00000000c2a00000| Untracked 
|  21|0x00000000c2b00000, 0x00000000c2c00000, 0x00000000c2c00000|100%| O|  |TAMS 0x00000000c2b00000, 0x00000000c2b00000| Untracked 
|  22|0x00000000c2c00000, 0x00000000c2d00000, 0x00000000c2d00000|100%|HS|  |TAMS 0x00000000c2c00000, 0x00000000c2c00000| Complete 
|  23|0x00000000c2d00000, 0x00000000c2d00000, 0x00000000c2e00000|  0%| F|  |TAMS 0x00000000c2d00000, 0x00000000c2d00000| Untracked 
|  24|0x00000000c2e00000, 0x00000000c2e00000, 0x00000000c2f00000|  0%| F|  |TAMS 0x00000000c2e00000, 0x00000000c2e00000| Untracked 
|  25|0x00000000c2f00000, 0x00000000c2f00000, 0x00000000c3000000|  0%| F|  |TAMS 0x00000000c2f00000, 0x00000000c2f00000| Untracked 
|  26|0x00000000c3000000, 0x00000000c3000000, 0x00000000c3100000|  0%| F|  |TAMS 0x00000000c3000000, 0x00000000c3000000| Untracked 
|  27|0x00000000c3100000, 0x00000000c3100000, 0x00000000c3200000|  0%| F|  |TAMS 0x00000000c3100000, 0x00000000c3100000| Untracked 
|  28|0x00000000c3200000, 0x00000000c3300000, 0x00000000c3300000|100%| O|  |TAMS 0x00000000c3300000, 0x00000000c3200000| Untracked 
|  29|0x00000000c3300000, 0x00000000c3300000, 0x00000000c3400000|  0%| F|  |TAMS 0x00000000c3300000, 0x00000000c3300000| Untracked 
|  30|0x00000000c3400000, 0x00000000c3400000, 0x00000000c3500000|  0%| F|  |TAMS 0x00000000c3400000, 0x00000000c3400000| Untracked 
|  31|0x00000000c3500000, 0x00000000c3500000, 0x00000000c3600000|  0%| F|  |TAMS 0x00000000c3500000, 0x00000000c3500000| Untracked 
|  32|0x00000000c3600000, 0x00000000c3700000, 0x00000000c3700000|100%| O|  |TAMS 0x00000000c3700000, 0x00000000c3600000| Untracked 
|  33|0x00000000c3700000, 0x00000000c3800000, 0x00000000c3800000|100%| O|  |TAMS 0x00000000c3800000, 0x00000000c3700000| Untracked 
|  34|0x00000000c3800000, 0x00000000c3900000, 0x00000000c3900000|100%| O|  |TAMS 0x00000000c3900000, 0x00000000c3800000| Untracked 
|  35|0x00000000c3900000, 0x00000000c3a00000, 0x00000000c3a00000|100%| O|  |TAMS 0x00000000c3a00000, 0x00000000c3900000| Untracked 
|  36|0x00000000c3a00000, 0x00000000c3b00000, 0x00000000c3b00000|100%| O|  |TAMS 0x00000000c3b00000, 0x00000000c3a00000| Untracked 
|  37|0x00000000c3b00000, 0x00000000c3c00000, 0x00000000c3c00000|100%| O|  |TAMS 0x00000000c3c00000, 0x00000000c3b00000| Untracked 
|  38|0x00000000c3c00000, 0x00000000c3d00000, 0x00000000c3d00000|100%| O|  |TAMS 0x00000000c3d00000, 0x00000000c3c00000| Untracked 
|  39|0x00000000c3d00000, 0x00000000c3e00000, 0x00000000c3e00000|100%| O|  |TAMS 0x00000000c3dea400, 0x00000000c3d00000| Untracked 
|  40|0x00000000c3e00000, 0x00000000c3f00000, 0x00000000c3f00000|100%| O|  |TAMS 0x00000000c3e00000, 0x00000000c3e00000| Untracked 
|  41|0x00000000c3f00000, 0x00000000c4000000, 0x00000000c4000000|100%| O|  |TAMS 0x00000000c3f00000, 0x00000000c3f00000| Untracked 
|  42|0x00000000c4000000, 0x00000000c4100000, 0x00000000c4100000|100%| O|  |TAMS 0x00000000c4000000, 0x00000000c4000000| Untracked 
|  43|0x00000000c4100000, 0x00000000c4200000, 0x00000000c4200000|100%| O|  |TAMS 0x00000000c4100000, 0x00000000c4100000| Untracked 
|  44|0x00000000c4200000, 0x00000000c420e800, 0x00000000c4300000|  5%| O|  |TAMS 0x00000000c4200000, 0x00000000c4200000| Untracked 
|  45|0x00000000c4300000, 0x00000000c4300000, 0x00000000c4400000|  0%| F|  |TAMS 0x00000000c4300000, 0x00000000c4300000| Untracked 
|  46|0x00000000c4400000, 0x00000000c4400000, 0x00000000c4500000|  0%| F|  |TAMS 0x00000000c4400000, 0x00000000c4400000| Untracked 
|  47|0x00000000c4500000, 0x00000000c4500000, 0x00000000c4600000|  0%| F|  |TAMS 0x00000000c4500000, 0x00000000c4500000| Untracked 
|  48|0x00000000c4600000, 0x00000000c4600000, 0x00000000c4700000|  0%| F|  |TAMS 0x00000000c4600000, 0x00000000c4600000| Untracked 
|  49|0x00000000c4700000, 0x00000000c4700000, 0x00000000c4800000|  0%| F|  |TAMS 0x00000000c4700000, 0x00000000c4700000| Untracked 
|  50|0x00000000c4800000, 0x00000000c4800000, 0x00000000c4900000|  0%| F|  |TAMS 0x00000000c4800000, 0x00000000c4800000| Untracked 
|  51|0x00000000c4900000, 0x00000000c4900000, 0x00000000c4a00000|  0%| F|  |TAMS 0x00000000c4900000, 0x00000000c4900000| Untracked 
|  52|0x00000000c4a00000, 0x00000000c4a00000, 0x00000000c4b00000|  0%| F|  |TAMS 0x00000000c4a00000, 0x00000000c4a00000| Untracked 
|  53|0x00000000c4b00000, 0x00000000c4b00000, 0x00000000c4c00000|  0%| F|  |TAMS 0x00000000c4b00000, 0x00000000c4b00000| Untracked 
|  54|0x00000000c4c00000, 0x00000000c4c00000, 0x00000000c4d00000|  0%| F|  |TAMS 0x00000000c4c00000, 0x00000000c4c00000| Untracked 
|  55|0x00000000c4d00000, 0x00000000c4d00000, 0x00000000c4e00000|  0%| F|  |TAMS 0x00000000c4d00000, 0x00000000c4d00000| Untracked 
|  56|0x00000000c4e00000, 0x00000000c4e00000, 0x00000000c4f00000|  0%| F|  |TAMS 0x00000000c4e00000, 0x00000000c4e00000| Untracked 
|  57|0x00000000c4f00000, 0x00000000c4f00000, 0x00000000c5000000|  0%| F|  |TAMS 0x00000000c4f00000, 0x00000000c4f00000| Untracked 
|  58|0x00000000c5000000, 0x00000000c5098030, 0x00000000c5100000| 59%| E|  |TAMS 0x00000000c5000000, 0x00000000c5000000| Complete 
|  59|0x00000000c5100000, 0x00000000c5200000, 0x00000000c5200000|100%| E|CS|TAMS 0x00000000c5100000, 0x00000000c5100000| Complete 
|  60|0x00000000c5200000, 0x00000000c5300000, 0x00000000c5300000|100%| E|CS|TAMS 0x00000000c5200000, 0x00000000c5200000| Complete 
|  61|0x00000000c5300000, 0x00000000c5400000, 0x00000000c5400000|100%| E|CS|TAMS 0x00000000c5300000, 0x00000000c5300000| Complete 
|  62|0x00000000c5400000, 0x00000000c5500000, 0x00000000c5500000|100%| E|CS|TAMS 0x00000000c5400000, 0x00000000c5400000| Complete 
|  63|0x00000000c5500000, 0x00000000c5600000, 0x00000000c5600000|100%| E|CS|TAMS 0x00000000c5500000, 0x00000000c5500000| Complete 
|  64|0x00000000c5600000, 0x00000000c5700000, 0x00000000c5700000|100%| E|CS|TAMS 0x00000000c5600000, 0x00000000c5600000| Complete 
|  65|0x00000000c5700000, 0x00000000c5800000, 0x00000000c5800000|100%| E|CS|TAMS 0x00000000c5700000, 0x00000000c5700000| Complete 
|  66|0x00000000c5800000, 0x00000000c5900000, 0x00000000c5900000|100%| E|CS|TAMS 0x00000000c5800000, 0x00000000c5800000| Complete 
|  67|0x00000000c5900000, 0x00000000c5a00000, 0x00000000c5a00000|100%| E|CS|TAMS 0x00000000c5900000, 0x00000000c5900000| Complete 
|  68|0x00000000c5a00000, 0x00000000c5b00000, 0x00000000c5b00000|100%| E|CS|TAMS 0x00000000c5a00000, 0x00000000c5a00000| Complete 
|  69|0x00000000c5b00000, 0x00000000c5c00000, 0x00000000c5c00000|100%| E|CS|TAMS 0x00000000c5b00000, 0x00000000c5b00000| Complete 
|  70|0x00000000c5c00000, 0x00000000c5d00000, 0x00000000c5d00000|100%| E|CS|TAMS 0x00000000c5c00000, 0x00000000c5c00000| Complete 
|  71|0x00000000c5d00000, 0x00000000c5e00000, 0x00000000c5e00000|100%| E|CS|TAMS 0x00000000c5d00000, 0x00000000c5d00000| Complete 
|  72|0x00000000c5e00000, 0x00000000c5f00000, 0x00000000c5f00000|100%| E|CS|TAMS 0x00000000c5e00000, 0x00000000c5e00000| Complete 
|  73|0x00000000c5f00000, 0x00000000c6000000, 0x00000000c6000000|100%| E|CS|TAMS 0x00000000c5f00000, 0x00000000c5f00000| Complete 
|  74|0x00000000c6000000, 0x00000000c6100000, 0x00000000c6100000|100%| E|CS|TAMS 0x00000000c6000000, 0x00000000c6000000| Complete 
|  75|0x00000000c6100000, 0x00000000c6200000, 0x00000000c6200000|100%| E|CS|TAMS 0x00000000c6100000, 0x00000000c6100000| Complete 
|  76|0x00000000c6200000, 0x00000000c6300000, 0x00000000c6300000|100%| E|CS|TAMS 0x00000000c6200000, 0x00000000c6200000| Complete 
|  77|0x00000000c6300000, 0x00000000c6400000, 0x00000000c6400000|100%| E|CS|TAMS 0x00000000c6300000, 0x00000000c6300000| Complete 
|  78|0x00000000c6400000, 0x00000000c6500000, 0x00000000c6500000|100%| E|CS|TAMS 0x00000000c6400000, 0x00000000c6400000| Complete 
|  79|0x00000000c6500000, 0x00000000c6600000, 0x00000000c6600000|100%| E|CS|TAMS 0x00000000c6500000, 0x00000000c6500000| Complete 
|  80|0x00000000c6600000, 0x00000000c6700000, 0x00000000c6700000|100%| E|CS|TAMS 0x00000000c6600000, 0x00000000c6600000| Complete 
|  81|0x00000000c6700000, 0x00000000c6800000, 0x00000000c6800000|100%| E|CS|TAMS 0x00000000c6700000, 0x00000000c6700000| Complete 
|  82|0x00000000c6800000, 0x00000000c6900000, 0x00000000c6900000|100%| E|CS|TAMS 0x00000000c6800000, 0x00000000c6800000| Complete 
|  83|0x00000000c6900000, 0x00000000c6a00000, 0x00000000c6a00000|100%| E|CS|TAMS 0x00000000c6900000, 0x00000000c6900000| Complete 
|  84|0x00000000c6a00000, 0x00000000c6b00000, 0x00000000c6b00000|100%| E|CS|TAMS 0x00000000c6a00000, 0x00000000c6a00000| Complete 
|  85|0x00000000c6b00000, 0x00000000c6c00000, 0x00000000c6c00000|100%| E|CS|TAMS 0x00000000c6b00000, 0x00000000c6b00000| Complete 
|  86|0x00000000c6c00000, 0x00000000c6d00000, 0x00000000c6d00000|100%| E|CS|TAMS 0x00000000c6c00000, 0x00000000c6c00000| Complete 
|  87|0x00000000c6d00000, 0x00000000c6e00000, 0x00000000c6e00000|100%| E|CS|TAMS 0x00000000c6d00000, 0x00000000c6d00000| Complete 
|  88|0x00000000c6e00000, 0x00000000c6f00000, 0x00000000c6f00000|100%| E|CS|TAMS 0x00000000c6e00000, 0x00000000c6e00000| Complete 
|  89|0x00000000c6f00000, 0x00000000c7000000, 0x00000000c7000000|100%| E|CS|TAMS 0x00000000c6f00000, 0x00000000c6f00000| Complete 
|  90|0x00000000c7000000, 0x00000000c7100000, 0x00000000c7100000|100%| E|CS|TAMS 0x00000000c7000000, 0x00000000c7000000| Complete 
|  91|0x00000000c7100000, 0x00000000c7200000, 0x00000000c7200000|100%| E|CS|TAMS 0x00000000c7100000, 0x00000000c7100000| Complete 
|  92|0x00000000c7200000, 0x00000000c7300000, 0x00000000c7300000|100%| E|CS|TAMS 0x00000000c7200000, 0x00000000c7200000| Complete 
|  93|0x00000000c7300000, 0x00000000c7400000, 0x00000000c7400000|100%| E|CS|TAMS 0x00000000c7300000, 0x00000000c7300000| Complete 
|  94|0x00000000c7400000, 0x00000000c7497730, 0x00000000c7500000| 59%| S|CS|TAMS 0x00000000c7400000, 0x00000000c7400000| Complete 
|  95|0x00000000c7500000, 0x00000000c7600000, 0x00000000c7600000|100%| E|CS|TAMS 0x00000000c7500000, 0x00000000c7500000| Complete 
|1001|0x00000000fff00000, 0x0000000100000000, 0x0000000100000000|100%| O|  |TAMS 0x0000000100000000, 0x00000000fff00000| Untracked 

Card table byte_map: [0x000001c2b8fc0000,0x000001c2b91c0000] _byte_map_base: 0x000001c2b89b5000

Marking Bits (Prev, Next): (CMBitMap*) 0x000001c2a258e010, (CMBitMap*) 0x000001c2a258dfd0
 Prev Bits: [0x000001c2ba370000, 0x000001c2bb318000)
 Next Bits: [0x000001c2b93c0000, 0x000001c2ba368000)

Polling page: 0x000001c2a1d20000

Metaspace:

Usage:
  Non-class:     30.17 MB used.
      Class:      3.97 MB used.
       Both:     34.15 MB used.

Virtual space:
  Non-class space:       32.00 MB reserved,      30.38 MB ( 95%) committed,  4 nodes.
      Class space:        1.00 GB reserved,       4.12 MB ( <1%) committed,  1 nodes.
             Both:        1.03 GB reserved,      34.50 MB (  3%) committed. 

Chunk freelists:
   Non-Class:  1.66 MB
       Class:  3.91 MB
        Both:  5.56 MB

MaxMetaspaceSize: unlimited
CompressedClassSpaceSize: 1.00 GB
Initial GC threshold: 21.00 MB
Current GC threshold: 52.12 MB
CDS: on
MetaspaceReclaimPolicy: balanced
 - commit_granule_bytes: 65536.
 - commit_granule_words: 8192.
 - virtual_space_node_default_size: 1048576.
 - enlarge_chunks_in_place: 1.
 - new_chunks_are_fully_committed: 0.
 - uncommit_free_chunks: 1.
 - use_allocation_guard: 0.
 - handle_deallocations: 1.


Internal statistics:

num_allocs_failed_limit: 6.
num_arena_births: 290.
num_arena_deaths: 0.
num_vsnodes_births: 5.
num_vsnodes_deaths: 0.
num_space_committed: 552.
num_space_uncommitted: 0.
num_chunks_returned_to_freelist: 6.
num_chunks_taken_from_freelist: 1580.
num_chunk_merges: 6.
num_chunk_splits: 1102.
num_chunks_enlarged: 845.
num_purges: 0.
num_inconsistent_stats: 0.

CodeHeap 'non-profiled nmethods': size=120000Kb used=2982Kb max_used=2982Kb free=117017Kb
 bounds [0x000001c2b1890000, 0x000001c2b1b80000, 0x000001c2b8dc0000]
CodeHeap 'profiled nmethods': size=120000Kb used=14511Kb max_used=14511Kb free=105488Kb
 bounds [0x000001c2aa360000, 0x000001c2ab190000, 0x000001c2b1890000]
CodeHeap 'non-nmethods': size=5760Kb used=1249Kb max_used=1320Kb free=4510Kb
 bounds [0x000001c2a9dc0000, 0x000001c2aa030000, 0x000001c2aa360000]
 total_blobs=7990 nmethods=7427 adapters=475
 compilation: enabled
              stopped_count=0, restarted_count=0
 full_count=0

Compilation events (20 events):
Event: 13.642 Thread 0x000001c2bd78d0e0 7597       1       java.util.zip.ZipEntry::getCreationTime (5 bytes)
Event: 13.642 Thread 0x000001c2bd78d0e0 nmethod 7597 0x000001c2b1b79710 code [0x000001c2b1b798a0, 0x000001c2b1b79978]
Event: 13.681 Thread 0x000001c2bd78d0e0 7598       2       java.io.FileInputStream::read (9 bytes)
Event: 13.681 Thread 0x000001c2bd78d0e0 nmethod 7598 0x000001c2ab188c10 code [0x000001c2ab188da0, 0x000001c2ab188ec8]
Event: 13.742 Thread 0x000001c2bd78d0e0 7599       2       java.util.zip.ZipEntry::setCompressedSize (11 bytes)
Event: 13.742 Thread 0x000001c2bd78d0e0 nmethod 7599 0x000001c2ab188f90 code [0x000001c2ab189120, 0x000001c2ab189238]
Event: 13.762 Thread 0x000001c2bd78d0e0 7600       2       java.util.jar.JarInputStream::createZipEntry (30 bytes)
Event: 13.763 Thread 0x000001c2bd78d0e0 nmethod 7600 0x000001c2ab189310 code [0x000001c2ab1894c0, 0x000001c2ab189758]
Event: 13.763 Thread 0x000001c2bd78d0e0 7601       2       java.util.jar.JarInputStream::getNextJarEntry (8 bytes)
Event: 13.763 Thread 0x000001c2bd78d0e0 nmethod 7601 0x000001c2ab189910 code [0x000001c2ab189aa0, 0x000001c2ab189be8]
Event: 13.763 Thread 0x000001c2bd78d0e0 7602       2       java.util.jar.JarInputStream::getNextEntry (115 bytes)
Event: 13.764 Thread 0x000001c2bd78d0e0 nmethod 7602 0x000001c2ab189c90 code [0x000001c2ab189e60, 0x000001c2ab18a1a8]
Event: 13.794 Thread 0x000001c2bd78d0e0 7603       2       java.lang.Math::ceil (5 bytes)
Event: 13.795 Thread 0x000001c2bd78d0e0 nmethod 7603 0x000001c2ab18a310 code [0x000001c2ab18a4a0, 0x000001c2ab18a5a8]
Event: 13.795 Thread 0x000001c2bd78d0e0 7604       2       java.lang.StrictMath::ceil (10 bytes)
Event: 13.795 Thread 0x000001c2bd78d0e0 nmethod 7604 0x000001c2ab18a690 code [0x000001c2ab18a860, 0x000001c2ab18a968]
Event: 13.795 Thread 0x000001c2bd78d0e0 7605       2       java.nio.ByteBuffer::rewind (5 bytes)
Event: 13.795 Thread 0x000001c2bd78d0e0 nmethod 7605 0x000001c2ab18aa10 code [0x000001c2ab18aba0, 0x000001c2ab18acc8]
Event: 13.834 Thread 0x000001c2bd78d0e0 7607       2       java.util.jar.JarVerifier::<init> (144 bytes)
Event: 13.835 Thread 0x000001c2bd78d0e0 nmethod 7607 0x000001c2ab18ad90 code [0x000001c2ab18afe0, 0x000001c2ab18bb78]

GC Heap History (20 events):
Event: 6.253 GC heap before
{Heap before GC invocations=6 (full 0):
 garbage-first heap   total 78848K, used 59119K [0x00000000c1600000, 0x0000000100000000)
  region size 1024K, 42 young (43008K), 2 survivors (2048K)
 Metaspace       used 21215K, committed 21504K, reserved 1073152K
  class space    used 2499K, committed 2624K, reserved 1048576K
}
Event: 6.273 GC heap after
{Heap after GC invocations=7 (full 0):
 garbage-first heap   total 78848K, used 23517K [0x00000000c1600000, 0x0000000100000000)
  region size 1024K, 6 young (6144K), 6 survivors (6144K)
 Metaspace       used 21215K, committed 21504K, reserved 1073152K
  class space    used 2499K, committed 2624K, reserved 1048576K
}
Event: 7.346 GC heap before
{Heap before GC invocations=8 (full 0):
 garbage-first heap   total 78848K, used 60381K [0x00000000c1600000, 0x0000000100000000)
  region size 1024K, 40 young (40960K), 6 survivors (6144K)
 Metaspace       used 25062K, committed 25408K, reserved 1073152K
  class space    used 2910K, committed 3072K, reserved 1048576K
}
Event: 7.373 GC heap after
{Heap after GC invocations=9 (full 0):
 garbage-first heap   total 79872K, used 38370K [0x00000000c1600000, 0x0000000100000000)
  region size 1024K, 5 young (5120K), 5 survivors (5120K)
 Metaspace       used 25062K, committed 25408K, reserved 1073152K
  class space    used 2910K, committed 3072K, reserved 1048576K
}
Event: 7.788 GC heap before
{Heap before GC invocations=10 (full 0):
 garbage-first heap   total 79872K, used 56802K [0x00000000c1600000, 0x0000000100000000)
  region size 1024K, 25 young (25600K), 5 survivors (5120K)
 Metaspace       used 25938K, committed 26304K, reserved 1073152K
  class space    used 2993K, committed 3136K, reserved 1048576K
}
Event: 7.805 GC heap after
{Heap after GC invocations=11 (full 0):
 garbage-first heap   total 79872K, used 40960K [0x00000000c1600000, 0x0000000100000000)
  region size 1024K, 4 young (4096K), 4 survivors (4096K)
 Metaspace       used 25938K, committed 26304K, reserved 1073152K
  class space    used 2993K, committed 3136K, reserved 1048576K
}
Event: 8.490 GC heap before
{Heap before GC invocations=11 (full 0):
 garbage-first heap   total 79872K, used 59392K [0x00000000c1600000, 0x0000000100000000)
  region size 1024K, 23 young (23552K), 4 survivors (4096K)
 Metaspace       used 26910K, committed 27200K, reserved 1073152K
  class space    used 3103K, committed 3264K, reserved 1048576K
}
Event: 8.498 GC heap after
{Heap after GC invocations=12 (full 0):
 garbage-first heap   total 79872K, used 41728K [0x00000000c1600000, 0x0000000100000000)
  region size 1024K, 1 young (1024K), 1 survivors (1024K)
 Metaspace       used 26910K, committed 27200K, reserved 1073152K
  class space    used 3103K, committed 3264K, reserved 1048576K
}
Event: 8.965 GC heap before
{Heap before GC invocations=13 (full 0):
 garbage-first heap   total 79872K, used 60160K [0x00000000c1600000, 0x0000000100000000)
  region size 1024K, 20 young (20480K), 1 survivors (1024K)
 Metaspace       used 27919K, committed 28224K, reserved 1081344K
  class space    used 3222K, committed 3392K, reserved 1048576K
}
Event: 8.970 GC heap after
{Heap after GC invocations=14 (full 0):
 garbage-first heap   total 79872K, used 41984K [0x00000000c1600000, 0x0000000100000000)
  region size 1024K, 1 young (1024K), 1 survivors (1024K)
 Metaspace       used 27919K, committed 28224K, reserved 1081344K
  class space    used 3222K, committed 3392K, reserved 1048576K
}
Event: 9.543 GC heap before
{Heap before GC invocations=14 (full 0):
 garbage-first heap   total 79872K, used 63488K [0x00000000c1600000, 0x0000000100000000)
  region size 1024K, 22 young (22528K), 1 survivors (1024K)
 Metaspace       used 29430K, committed 29760K, reserved 1081344K
  class space    used 3390K, committed 3520K, reserved 1048576K
}
Event: 9.556 GC heap after
{Heap after GC invocations=15 (full 0):
 garbage-first heap   total 79872K, used 43423K [0x00000000c1600000, 0x0000000100000000)
  region size 1024K, 3 young (3072K), 3 survivors (3072K)
 Metaspace       used 29430K, committed 29760K, reserved 1081344K
  class space    used 3390K, committed 3520K, reserved 1048576K
}
Event: 10.823 GC heap before
{Heap before GC invocations=16 (full 0):
 garbage-first heap   total 79872K, used 63903K [0x00000000c1600000, 0x0000000100000000)
  region size 1024K, 23 young (23552K), 3 survivors (3072K)
 Metaspace       used 30337K, committed 30656K, reserved 1081344K
  class space    used 3476K, committed 3584K, reserved 1048576K
}
Event: 10.840 GC heap after
{Heap after GC invocations=17 (full 0):
 garbage-first heap   total 79872K, used 43703K [0x00000000c1600000, 0x0000000100000000)
  region size 1024K, 3 young (3072K), 3 survivors (3072K)
 Metaspace       used 30337K, committed 30656K, reserved 1081344K
  class space    used 3476K, committed 3584K, reserved 1048576K
}
Event: 11.376 GC heap before
{Heap before GC invocations=17 (full 0):
 garbage-first heap   total 79872K, used 63159K [0x00000000c1600000, 0x0000000100000000)
  region size 1024K, 23 young (23552K), 3 survivors (3072K)
 Metaspace       used 31495K, committed 31936K, reserved 1081344K
  class space    used 3640K, committed 3840K, reserved 1048576K
}
Event: 11.392 GC heap after
{Heap after GC invocations=18 (full 0):
 garbage-first heap   total 99328K, used 44949K [0x00000000c1600000, 0x0000000100000000)
  region size 1024K, 3 young (3072K), 3 survivors (3072K)
 Metaspace       used 31495K, committed 31936K, reserved 1081344K
  class space    used 3640K, committed 3840K, reserved 1048576K
}
Event: 12.304 GC heap before
{Heap before GC invocations=19 (full 0):
 garbage-first heap   total 99328K, used 91029K [0x00000000c1600000, 0x0000000100000000)
  region size 1024K, 26 young (26624K), 3 survivors (3072K)
 Metaspace       used 33392K, committed 33728K, reserved 1081344K
  class space    used 3877K, committed 4032K, reserved 1048576K
}
Event: 12.317 GC heap after
{Heap after GC invocations=20 (full 0):
 garbage-first heap   total 99328K, used 44901K [0x00000000c1600000, 0x0000000100000000)
  region size 1024K, 4 young (4096K), 4 survivors (4096K)
 Metaspace       used 33392K, committed 33728K, reserved 1081344K
  class space    used 3877K, committed 4032K, reserved 1048576K
}
Event: 12.331 GC heap before
{Heap before GC invocations=20 (full 0):
 garbage-first heap   total 99328K, used 45925K [0x00000000c1600000, 0x0000000100000000)
  region size 1024K, 5 young (5120K), 4 survivors (4096K)
 Metaspace       used 33394K, committed 33728K, reserved 1081344K
  class space    used 3877K, committed 4032K, reserved 1048576K
}
Event: 12.346 GC heap after
{Heap after GC invocations=21 (full 0):
 garbage-first heap   total 99328K, used 36503K [0x00000000c1600000, 0x0000000100000000)
  region size 1024K, 1 young (1024K), 1 survivors (1024K)
 Metaspace       used 33394K, committed 33728K, reserved 1081344K
  class space    used 3877K, committed 4032K, reserved 1048576K
}

Deoptimization events (20 events):
Event: 13.524 Thread 0x000001c2a2551c40 DEOPT PACKING pc=0x000001c2b1ac2ad0 sp=0x0000009575efd630
Event: 13.524 Thread 0x000001c2a2551c40 DEOPT UNPACKING pc=0x000001c2a9e123a3 sp=0x0000009575efd5d8 mode 2
Event: 13.525 Thread 0x000001c2a2551c40 Uncommon trap: trap_request=0xffffffc6 fr.pc=0x000001c2b1abd9b8 relative=0x0000000000002298
Event: 13.525 Thread 0x000001c2a2551c40 Uncommon trap: reason=bimorphic_or_optimized_type_check action=maybe_recompile pc=0x000001c2b1abd9b8 method=java.io.FilterInputStream.read([BII)I @ 7 c2
Event: 13.525 Thread 0x000001c2a2551c40 DEOPT PACKING pc=0x000001c2b1abd9b8 sp=0x0000009575efd680
Event: 13.525 Thread 0x000001c2a2551c40 DEOPT UNPACKING pc=0x000001c2a9e123a3 sp=0x0000009575efd530 mode 2
Event: 13.525 Thread 0x000001c2a2551c40 Uncommon trap: trap_request=0xffffffc6 fr.pc=0x000001c2b1abd9b8 relative=0x0000000000002298
Event: 13.525 Thread 0x000001c2a2551c40 Uncommon trap: reason=bimorphic_or_optimized_type_check action=maybe_recompile pc=0x000001c2b1abd9b8 method=java.io.FilterInputStream.read([BII)I @ 7 c2
Event: 13.525 Thread 0x000001c2a2551c40 DEOPT PACKING pc=0x000001c2b1abd9b8 sp=0x0000009575efd5b0
Event: 13.525 Thread 0x000001c2a2551c40 DEOPT UNPACKING pc=0x000001c2a9e123a3 sp=0x0000009575efd460 mode 2
Event: 13.526 Thread 0x000001c2a2551c40 Uncommon trap: trap_request=0xffffff45 fr.pc=0x000001c2b1abe2b0 relative=0x0000000000002b90
Event: 13.526 Thread 0x000001c2a2551c40 Uncommon trap: reason=unstable_if action=reinterpret pc=0x000001c2b1abe2b0 method=java.util.zip.ZipInputStream.read([BII)I @ 38 c2
Event: 13.526 Thread 0x000001c2a2551c40 DEOPT PACKING pc=0x000001c2b1abe2b0 sp=0x0000009575efd660
Event: 13.526 Thread 0x000001c2a2551c40 DEOPT UNPACKING pc=0x000001c2a9e123a3 sp=0x0000009575efd710 mode 2
Event: 13.622 Thread 0x000001c2a2551c40 Uncommon trap: trap_request=0xffffff45 fr.pc=0x000001c2b1a7fc48 relative=0x0000000000000148
Event: 13.622 Thread 0x000001c2a2551c40 Uncommon trap: reason=unstable_if action=reinterpret pc=0x000001c2b1a7fc48 method=java.util.concurrent.TimeUnit.toMillis(J)J @ 18 c2
Event: 13.622 Thread 0x000001c2a2551c40 DEOPT PACKING pc=0x000001c2b1a7fc48 sp=0x0000009575efd720
Event: 13.622 Thread 0x000001c2a2551c40 DEOPT UNPACKING pc=0x000001c2a9e123a3 sp=0x0000009575efd698 mode 2
Event: 13.637 Thread 0x000001c2a2551c40 DEOPT PACKING pc=0x000001c2ab0db29d sp=0x0000009575efd3c0
Event: 13.637 Thread 0x000001c2a2551c40 DEOPT UNPACKING pc=0x000001c2a9e12b43 sp=0x0000009575efc898 mode 0

Classes unloaded (0 events):
No events

Classes redefined (0 events):
No events

Internal exceptions (20 events):
Event: 9.611 Thread 0x000001c2a2551c40 Exception <a 'sun/nio/fs/WindowsException'{0x00000000c62f4b18}> (0x00000000c62f4b18) 
thrown [t:\workspace\open\src\hotspot\share\prims\jni.cpp, line 516]
Event: 9.633 Thread 0x000001c2a2551c40 Exception <a 'sun/nio/fs/WindowsException'{0x00000000c61230d8}> (0x00000000c61230d8) 
thrown [t:\workspace\open\src\hotspot\share\prims\jni.cpp, line 516]
Event: 9.633 Thread 0x000001c2a2551c40 Exception <a 'sun/nio/fs/WindowsException'{0x00000000c61237a0}> (0x00000000c61237a0) 
thrown [t:\workspace\open\src\hotspot\share\prims\jni.cpp, line 516]
Event: 9.634 Thread 0x000001c2a2551c40 Exception <a 'sun/nio/fs/WindowsException'{0x00000000c6124088}> (0x00000000c6124088) 
thrown [t:\workspace\open\src\hotspot\share\prims\jni.cpp, line 516]
Event: 9.652 Thread 0x000001c2a2551c40 Exception <a 'sun/nio/fs/WindowsException'{0x00000000c6184b68}> (0x00000000c6184b68) 
thrown [t:\workspace\open\src\hotspot\share\prims\jni.cpp, line 516]
Event: 9.652 Thread 0x000001c2a2551c40 Exception <a 'sun/nio/fs/WindowsException'{0x00000000c6185268}> (0x00000000c6185268) 
thrown [t:\workspace\open\src\hotspot\share\prims\jni.cpp, line 516]
Event: 9.652 Thread 0x000001c2a2551c40 Exception <a 'sun/nio/fs/WindowsException'{0x00000000c6185c78}> (0x00000000c6185c78) 
thrown [t:\workspace\open\src\hotspot\share\prims\jni.cpp, line 516]
Event: 9.653 Thread 0x000001c2a2551c40 Exception <a 'sun/nio/fs/WindowsException'{0x00000000c61863e0}> (0x00000000c61863e0) 
thrown [t:\workspace\open\src\hotspot\share\prims\jni.cpp, line 516]
Event: 9.662 Thread 0x000001c2a2551c40 Exception <a 'sun/nio/fs/WindowsException'{0x00000000c618d178}> (0x00000000c618d178) 
thrown [t:\workspace\open\src\hotspot\share\prims\jni.cpp, line 516]
Event: 9.662 Thread 0x000001c2a2551c40 Exception <a 'sun/nio/fs/WindowsException'{0x00000000c618d840}> (0x00000000c618d840) 
thrown [t:\workspace\open\src\hotspot\share\prims\jni.cpp, line 516]
Event: 9.663 Thread 0x000001c2a2551c40 Exception <a 'sun/nio/fs/WindowsException'{0x00000000c618e128}> (0x00000000c618e128) 
thrown [t:\workspace\open\src\hotspot\share\prims\jni.cpp, line 516]
Event: 9.974 Thread 0x000001c2a2551c40 Exception <a 'sun/nio/fs/WindowsException'{0x00000000c5f5c190}> (0x00000000c5f5c190) 
thrown [t:\workspace\open\src\hotspot\share\prims\jni.cpp, line 516]
Event: 9.974 Thread 0x000001c2a2551c40 Exception <a 'sun/nio/fs/WindowsException'{0x00000000c5f5c818}> (0x00000000c5f5c818) 
thrown [t:\workspace\open\src\hotspot\share\prims\jni.cpp, line 516]
Event: 10.050 Thread 0x000001c2a2551c40 Exception <a 'sun/nio/fs/WindowsException'{0x00000000c5f6f948}> (0x00000000c5f6f948) 
thrown [t:\workspace\open\src\hotspot\share\prims\jni.cpp, line 516]
Event: 10.887 Thread 0x000001c2bfdb9930 Exception <a 'java/lang/NoSuchMethodError'{0x00000000c602e4e8}: 'java.lang.Object java.lang.invoke.DirectMethodHandle$Holder.invokeStaticInit(java.lang.Object, java.lang.Object, long, java.lang.Object)'> (0x00000000c602e4e8) 
thrown [t:\workspace\open\src\hotspot\share\interpreter\linkResolver.cpp, line 766]
Event: 10.888 Thread 0x000001c2bfdb9930 Exception <a 'java/lang/NoSuchMethodError'{0x00000000c6034e68}: 'java.lang.Object java.lang.invoke.DirectMethodHandle$Holder.newInvokeSpecial(java.lang.Object, java.lang.Object, long)'> (0x00000000c6034e68) 
thrown [t:\workspace\open\src\hotspot\share\interpreter\linkResolver.cpp, line 766]
Event: 10.889 Thread 0x000001c2bfdb9930 Exception <a 'java/lang/NoSuchMethodError'{0x00000000c60389d8}: 'java.lang.Object java.lang.invoke.Invokers$Holder.linkToTargetMethod(java.lang.Object, long, java.lang.Object)'> (0x00000000c60389d8) 
thrown [t:\workspace\open\src\hotspot\share\interpreter\linkResolver.cpp, line 766]
Event: 12.035 Thread 0x000001c2a2551c40 Exception <a 'java/lang/NoSuchMethodError'{0x00000000c6abbe58}: 'void java.lang.invoke.DirectMethodHandle$Holder.invokeStaticInit(java.lang.Object, java.lang.Object)'> (0x00000000c6abbe58) 
thrown [t:\workspace\open\src\hotspot\share\interpreter\linkResolver.cpp, line 766]
Event: 13.362 Thread 0x000001c2a2551c40 Exception <a 'java/lang/NoSuchMethodError'{0x00000000c5cd9168}: 'void java.lang.invoke.DirectMethodHandle$Holder.invokeStatic(java.lang.Object, java.lang.Object, java.lang.Object, java.lang.Object)'> (0x00000000c5cd9168) 
thrown [t:\workspace\open\src\hotspot\share\interpreter\linkResolver.cpp, line 766]
Event: 13.526 Thread 0x000001c2a2551c40 Implicit null exception at 0x000001c2b1abb7a0 to 0x000001c2b1abe288

VM Operations (20 events):
Event: 12.053 Executing VM operation: HandshakeAllThreads
Event: 12.053 Executing VM operation: HandshakeAllThreads done
Event: 12.126 Executing VM operation: HandshakeAllThreads
Event: 12.126 Executing VM operation: HandshakeAllThreads done
Event: 12.127 Executing VM operation: HandshakeAllThreads
Event: 12.127 Executing VM operation: HandshakeAllThreads done
Event: 12.304 Executing VM operation: G1CollectForAllocation
Event: 12.317 Executing VM operation: G1CollectForAllocation done
Event: 12.331 Executing VM operation: G1CollectForAllocation
Event: 12.346 Executing VM operation: G1CollectForAllocation done
Event: 12.930 Executing VM operation: HandshakeAllThreads
Event: 12.930 Executing VM operation: HandshakeAllThreads done
Event: 12.991 Executing VM operation: ICBufferFull
Event: 12.991 Executing VM operation: ICBufferFull done
Event: 13.410 Executing VM operation: HandshakeAllThreads
Event: 13.410 Executing VM operation: HandshakeAllThreads done
Event: 13.411 Executing VM operation: HandshakeAllThreads
Event: 13.411 Executing VM operation: HandshakeAllThreads done
Event: 13.431 Executing VM operation: HandshakeAllThreads
Event: 13.431 Executing VM operation: HandshakeAllThreads done

Events (20 events):
Event: 12.872 loading class javax/management/JMException
Event: 12.873 loading class javax/management/JMException done
Event: 12.873 loading class javax/management/OperationsException done
Event: 12.873 loading class javax/management/InstanceNotFoundException done
Event: 12.873 loading class javax/management/MBeanServerConnection
Event: 12.874 loading class javax/management/MBeanServerConnection done
Event: 12.914 loading class javax/management/ReflectionException
Event: 12.914 loading class javax/management/ReflectionException done
Event: 12.930 loading class java/util/jar/JarOutputStream
Event: 12.931 loading class java/util/jar/JarOutputStream done
Event: 13.402 loading class java/net/HttpURLConnection
Event: 13.402 loading class java/net/HttpURLConnection done
Event: 13.428 loading class java/util/jar/JarInputStream
Event: 13.430 loading class java/util/jar/JarInputStream done
Event: 13.475 loading class java/io/FileFilter
Event: 13.476 loading class java/io/FileFilter done
Event: 13.479 loading class sun/security/util/ManifestEntryVerifier
Event: 13.479 loading class sun/security/util/ManifestEntryVerifier done
Event: 13.526 loading class sun/security/util/SignatureFileVerifier
Event: 13.528 loading class sun/security/util/SignatureFileVerifier done


Dynamic libraries:
0x00007ff6d8e70000 - 0x00007ff6d8e80000 	C:\Program Files\Java\jdk-17.0.3.1\bin\java.exe
0x00007ffee8810000 - 0x00007ffee8a27000 	C:\WINDOWS\SYSTEM32\ntdll.dll
0x00007ffee6e40000 - 0x00007ffee6f04000 	C:\WINDOWS\System32\KERNEL32.DLL
0x00007ffee5ac0000 - 0x00007ffee5e93000 	C:\WINDOWS\System32\KERNELBASE.dll
0x00007ffee5ea0000 - 0x00007ffee5fb1000 	C:\WINDOWS\System32\ucrtbase.dll
0x00007ffecd5c0000 - 0x00007ffecd5da000 	C:\Program Files\Java\jdk-17.0.3.1\bin\VCRUNTIME140.dll
0x00007ffecd5a0000 - 0x00007ffecd5b8000 	C:\Program Files\Java\jdk-17.0.3.1\bin\jli.dll
0x00007ffee64b0000 - 0x00007ffee6561000 	C:\WINDOWS\System32\ADVAPI32.dll
0x00007ffee8600000 - 0x00007ffee86a7000 	C:\WINDOWS\System32\msvcrt.dll
0x00007ffee6a40000 - 0x00007ffee6ae8000 	C:\WINDOWS\System32\sechost.dll
0x00007ffee6480000 - 0x00007ffee64a8000 	C:\WINDOWS\System32\bcrypt.dll
0x00007ffee86b0000 - 0x00007ffee87c4000 	C:\WINDOWS\System32\RPCRT4.dll
0x00007ffee7f50000 - 0x00007ffee8101000 	C:\WINDOWS\System32\USER32.dll
0x00007ffed30c0000 - 0x00007ffed3358000 	C:\WINDOWS\WinSxS\amd64_microsoft.windows.common-controls_6595b64144ccf1df_6.0.22621.5124_none_270e8f4f7386d69d\COMCTL32.dll
0x00007ffee6450000 - 0x00007ffee6476000 	C:\WINDOWS\System32\win32u.dll
0x00007ffee7130000 - 0x00007ffee7159000 	C:\WINDOWS\System32\GDI32.dll
0x00007ffee5fc0000 - 0x00007ffee60db000 	C:\WINDOWS\System32\gdi32full.dll
0x00007ffee5920000 - 0x00007ffee59ba000 	C:\WINDOWS\System32\msvcp_win.dll
0x00007ffee1c00000 - 0x00007ffee1c0a000 	C:\WINDOWS\SYSTEM32\VERSION.dll
0x00007ffee6af0000 - 0x00007ffee6b21000 	C:\WINDOWS\System32\IMM32.DLL
0x00007ffee1400000 - 0x00007ffee140c000 	C:\Program Files\Java\jdk-17.0.3.1\bin\vcruntime140_1.dll
0x00007ffead730000 - 0x00007ffead7bd000 	C:\Program Files\Java\jdk-17.0.3.1\bin\msvcp140.dll
0x00007ffe77e10000 - 0x00007ffe789d0000 	C:\Program Files\Java\jdk-17.0.3.1\bin\server\jvm.dll
0x00007ffee6f10000 - 0x00007ffee6f18000 	C:\WINDOWS\System32\PSAPI.DLL
0x00007ffedfa00000 - 0x00007ffedfa34000 	C:\WINDOWS\SYSTEM32\WINMM.dll
0x00007ffee35c0000 - 0x00007ffee35c9000 	C:\WINDOWS\SYSTEM32\WSOCK32.dll
0x00007ffee6b60000 - 0x00007ffee6bd1000 	C:\WINDOWS\System32\WS2_32.dll
0x00007ffee4950000 - 0x00007ffee4968000 	C:\WINDOWS\SYSTEM32\kernel.appcore.dll
0x00007ffedba80000 - 0x00007ffedba8a000 	C:\Program Files\Java\jdk-17.0.3.1\bin\jimage.dll
0x00007ffee3380000 - 0x00007ffee35b2000 	C:\WINDOWS\SYSTEM32\DBGHELP.DLL
0x00007ffee66a0000 - 0x00007ffee6a32000 	C:\WINDOWS\System32\combase.dll
0x00007ffee7290000 - 0x00007ffee7367000 	C:\WINDOWS\System32\OLEAUT32.dll
0x00007ffecf2d0000 - 0x00007ffecf302000 	C:\WINDOWS\SYSTEM32\dbgcore.DLL
0x00007ffee59c0000 - 0x00007ffee5a3b000 	C:\WINDOWS\System32\bcryptPrimitives.dll
0x00007ffeccab0000 - 0x00007ffeccad5000 	C:\Program Files\Java\jdk-17.0.3.1\bin\java.dll
0x00007ffead510000 - 0x00007ffead5e6000 	C:\Program Files\Java\jdk-17.0.3.1\bin\jsvml.dll
0x00007ffee75a0000 - 0x00007ffee7e36000 	C:\WINDOWS\System32\SHELL32.dll
0x00007ffee60e0000 - 0x00007ffee621f000 	C:\WINDOWS\System32\wintypes.dll
0x00007ffee3840000 - 0x00007ffee415a000 	C:\WINDOWS\SYSTEM32\windows.storage.dll
0x00007ffee6590000 - 0x00007ffee669a000 	C:\WINDOWS\System32\SHCORE.dll
0x00007ffee6dd0000 - 0x00007ffee6e33000 	C:\WINDOWS\System32\shlwapi.dll
0x00007ffee5850000 - 0x00007ffee587b000 	C:\WINDOWS\SYSTEM32\profapi.dll
0x00007ffec5910000 - 0x00007ffec5929000 	C:\Program Files\Java\jdk-17.0.3.1\bin\net.dll
0x00007ffedee10000 - 0x00007ffedef3c000 	C:\WINDOWS\SYSTEM32\WINHTTP.dll
0x00007ffee4dd0000 - 0x00007ffee4e3a000 	C:\WINDOWS\system32\mswsock.dll
0x00007ffec52b0000 - 0x00007ffec52c6000 	C:\Program Files\Java\jdk-17.0.3.1\bin\nio.dll
0x00007ffebdaf0000 - 0x00007ffebdb08000 	C:\Program Files\Java\jdk-17.0.3.1\bin\zip.dll
0x0000000069ac0000 - 0x0000000069ae4000 	C:\apache-maven-3.9.0\lib\jansi-native\Windows\x86_64\jansi.dll
0x00007ffed4bc0000 - 0x00007ffed4bd0000 	C:\Program Files\Java\jdk-17.0.3.1\bin\verify.dll

dbghelp: loaded successfully - version: 4.0.5 - missing functions: none
symbol engine: initialized successfully - sym options: 0x614 - pdb path: .;C:\Program Files\Java\jdk-17.0.3.1\bin;C:\WINDOWS\SYSTEM32;C:\WINDOWS\WinSxS\amd64_microsoft.windows.common-controls_6595b64144ccf1df_6.0.22621.5124_none_270e8f4f7386d69d;C:\Program Files\Java\jdk-17.0.3.1\bin\server;C:\apache-maven-3.9.0\lib\jansi-native\Windows\x86_64

VM Arguments:
jvm_args: -Dclassworlds.conf=C:\apache-maven-3.9.0\bin\m2.conf -Dmaven.home=C:\apache-maven-3.9.0 -Dlibrary.jansi.path=C:\apache-maven-3.9.0\lib\jansi-native -Dmaven.multiModuleProjectDirectory=C:\Users\lenovo\OneDrive\Desktop\major\matchmaking 
java_command: org.codehaus.plexus.classworlds.launcher.Launcher clean install
java_class_path (initial): C:\apache-maven-3.9.0\boot\plexus-classworlds-2.6.0.jar
Launcher Type: SUN_STANDARD

[Global flags]
     intx CICompilerCount                          = 3                                         {product} {ergonomic}
     uint ConcGCThreads                            = 1                                         {product} {ergonomic}
     uint G1ConcRefinementThreads                  = 4                                         {product} {ergonomic}
   size_t G1HeapRegionSize                         = 1048576                                   {product} {ergonomic}
    uintx GCDrainStackTargetSize                   = 64                                        {product} {ergonomic}
   size_t InitialHeapSize                          = 67108864                                  {product} {ergonomic}
   size_t MarkStackSize                            = 4194304                                   {product} {ergonomic}
   size_t MaxHeapSize                              = 1050673152                                {product} {ergonomic}
   size_t MaxNewSize                               = 630194176                                 {product} {ergonomic}
   size_t MinHeapDeltaBytes                        = 1048576                                   {product} {ergonomic}
   size_t MinHeapSize                              = 8388608                                   {product} {ergonomic}
    uintx NonNMethodCodeHeapSize                   = 5832780                                {pd product} {ergonomic}
    uintx NonProfiledCodeHeapSize                  = 122912730                              {pd product} {ergonomic}
    uintx ProfiledCodeHeapSize                     = 122912730                              {pd product} {ergonomic}
    uintx ReservedCodeCacheSize                    = 251658240                              {pd product} {ergonomic}
     bool SegmentedCodeCache                       = true                                      {product} {ergonomic}
   size_t SoftMaxHeapSize                          = 1050673152                             {manageable} {ergonomic}
     bool UseCompressedClassPointers               = true                           {product lp64_product} {ergonomic}
     bool UseCompressedOops                        = true                           {product lp64_product} {ergonomic}
     bool UseG1GC                                  = true                                      {product} {ergonomic}
     bool UseLargePagesIndividualAllocation        = false                                  {pd product} {ergonomic}

Logging:
Log output configuration:
 #0: stdout all=warning uptime,level,tags
 #1: stderr all=off uptime,level,tags

Environment Variables:
JAVA_HOME=C:\Program Files\Java\jdk-17.0.3.1
PATH=C:\Program Files\Zulu\zulu-21-jre\bin\;C:\Program Files\Microsoft\jdk-11.0.16.101-hotspot\bin;C:\Program Files\Common Files\Oracle\Java\javapath;C:\Program Files (x86)\Common Files\Oracle\Java\java8path;C:\Program Files (x86)\Common Files\Oracle\Java\javapath;C:\WINDOWS\system32;C:\WINDOWS;C:\WINDOWS\System32\Wbem;C:\WINDOWS\System32\WindowsPowerShell\v1.0\;C:\WINDOWS\System32\OpenSSH\;C:\Program Files\Java\jdk-17.0.3.1\bin;C:\Program Files\Git\cmd;C:\spring-2.1.8.RELEASE\bin;C:\Users\lenovo\Downloads\jdk-21_windows-x64_bin\jdk-21.0.5;C:\Users\lenovo\AppData\Local\Programs\Python\Python312\Scripts\;C:\Users\lenovo\AppData\Local\Programs\Python\Python312\;C:\Program Files\MySQL\MySQL Shell 8.0\bin\;C:\Users\lenovo\AppData\Local\Microsoft\WindowsApps;C:\Program Files\JetBrains\IntelliJ IDEA 2022.1.3\bin;;C:\Users\lenovo\OneDrive\Documents\FlutterDev\flutter\bin;C:\apache-maven-3.9.0\bin;;C:\Users\lenovo\AppData\Local\Programs\Microsoft VS Code\bin;C:\Program Files\sf\bin
USERNAME=lenovo
OS=Windows_NT
PROCESSOR_IDENTIFIER=Intel64 Family 6 Model 142 Stepping 10, GenuineIntel



---------------  S Y S T E M  ---------------

OS:
 Windows 11 , 64 bit Build 22621 (10.0.22621.5124)
OS uptime: 5 days 4:04 hours

CPU: total 4 (initial active 4) (2 cores per cpu, 2 threads per core) family 6 model 142 stepping 10 microcode 0xe0, cx8, cmov, fxsr, ht, mmx, 3dnowpref, sse, sse2, sse3, ssse3, sse4.1, sse4.2, popcnt, lzcnt, tsc, tscinvbit, avx, avx2, aes, erms, clmul, bmi1, bmi2, adx, fma, vzeroupper, clflush, clflushopt

Memory: 4k page, system-wide physical 4001M (289M free)
TotalPageFile size 8673M (AvailPageFile size 5M)
current process WorkingSet (physical memory assigned to process): 233M, peak: 234M
current process commit charge ("private bytes"): 257M, peak: 258M

vm_info: Java HotSpot(TM) 64-Bit Server VM (17.0.3.1+2-LTS-6) for windows-amd64 JRE (17.0.3.1+2-LTS-6), built on Apr 25 2022 22:04:21 by "mach5one" with MS VC++ 16.8 / 16.9 (VS2019)

END.
